[INFO] Scanning for projects...
[INFO] 
[INFO] ------------------< com.iotaccess:iot-access-system >-------------------
[INFO] Building IoT Access System 1.0.0
[INFO]   from pom.xml
[INFO] --------------------------------[ jar ]---------------------------------
[INFO] 
[INFO] --- clean:3.3.2:clean (default-clean) @ iot-access-system ---
[INFO] Deleting C:\Users\doxxt\OneDrive\Desktop\V1\iot-access-system\target
[INFO] 
[INFO] --- resources:3.3.1:resources (default-resources) @ iot-access-system ---
[INFO] Copying 1 resource from src\main\resources to target\classes
[INFO] Copying 2 resources from src\main\resources to target\classes
[INFO] 
[INFO] --- compiler:3.11.0:compile (default-compile) @ iot-access-system ---
[INFO] Changes detected - recompiling the module! :source
[INFO] Compiling 29 source files with javac [debug release 17] to target\classes
[INFO] -------------------------------------------------------------
[ERROR] COMPILATION ERROR : 
[INFO] -------------------------------------------------------------
[ERROR] /C:/Users/doxxt/OneDrive/Desktop/V1/iot-access-system/src/main/java/com/iotaccess/application/dto/AccessRecordDto.java:[39,44] cannot find symbol
  symbol:   method getStatus()
  location: variable record of type com.iotaccess.domain.model.AccessRecord
[ERROR] /C:/Users/doxxt/OneDrive/Desktop/V1/iot-access-system/src/main/java/com/iotaccess/application/dto/AccessRecordDto.java:[45,43] cannot find symbol
  symbol:   method getStatus()
  location: variable record of type com.iotaccess.domain.model.AccessRecord
[ERROR] /C:/Users/doxxt/OneDrive/Desktop/V1/iot-access-system/src/main/java/com/iotaccess/application/dto/AccessRecordDto.java:[51,31] cannot find symbol
  symbol:   method builder()
  location: class com.iotaccess.application.dto.AccessRecordDto
[ERROR] /C:/Users/doxxt/OneDrive/Desktop/V1/iot-access-system/src/main/java/com/iotaccess/application/dto/AccessRecordDto.java:[52,27] cannot find symbol
  symbol:   method getId()
  location: variable record of type com.iotaccess.domain.model.AccessRecord
[ERROR] /C:/Users/doxxt/OneDrive/Desktop/V1/iot-access-system/src/main/java/com/iotaccess/application/dto/AccessRecordDto.java:[53,28] cannot find symbol
  symbol:   method getUid()
  location: variable record of type com.iotaccess.domain.model.AccessRecord
[ERROR] /C:/Users/doxxt/OneDrive/Desktop/V1/iot-access-system/src/main/java/com/iotaccess/application/dto/AccessRecordDto.java:[54,34] cannot find symbol
  symbol:   method getTimestamp()
  location: variable record of type com.iotaccess.domain.model.AccessRecord
[ERROR] /C:/Users/doxxt/OneDrive/Desktop/V1/iot-access-system/src/main/java/com/iotaccess/application/dto/AccessRecordDto.java:[55,29] cannot find symbol
  symbol:   method getTimestamp()
  location: variable record of type com.iotaccess.domain.model.AccessRecord
[ERROR] /C:/Users/doxxt/OneDrive/Desktop/V1/iot-access-system/src/main/java/com/iotaccess/application/dto/AccessRecordDto.java:[56,29] cannot find symbol
  symbol:   method getTimestamp()
  location: variable record of type com.iotaccess.domain.model.AccessRecord
[ERROR] /C:/Users/doxxt/OneDrive/Desktop/V1/iot-access-system/src/main/java/com/iotaccess/application/dto/AccessRecordDto.java:[59,33] cannot find symbol
  symbol:   method getUserName()
  location: variable record of type com.iotaccess.domain.model.AccessRecord
[ERROR] /C:/Users/doxxt/OneDrive/Desktop/V1/iot-access-system/src/main/java/com/iotaccess/application/dto/AccessRecordDto.java:[59,64] cannot find symbol
  symbol:   method getUserName()
  location: variable record of type com.iotaccess.domain.model.AccessRecord
[ERROR] /C:/Users/doxxt/OneDrive/Desktop/V1/iot-access-system/src/main/java/com/iotaccess/application/dto/AccessRecordDto.java:[60,34] cannot find symbol
  symbol:   method getStationId()
  location: variable record of type com.iotaccess.domain.model.AccessRecord
[ERROR] /C:/Users/doxxt/OneDrive/Desktop/V1/iot-access-system/src/main/java/com/iotaccess/domain/model/AccessRecord.java:[47,28] cannot find symbol
  symbol:   method builder()
  location: class com.iotaccess.domain.model.AccessRecord
[ERROR] /C:/Users/doxxt/OneDrive/Desktop/V1/iot-access-system/src/main/java/com/iotaccess/infrastructure/serial/SerialListener.java:[63,13] cannot find symbol
  symbol:   variable log
  location: class com.iotaccess.infrastructure.serial.SerialListener
[ERROR] /C:/Users/doxxt/OneDrive/Desktop/V1/iot-access-system/src/main/java/com/iotaccess/infrastructure/serial/SerialListener.java:[87,9] cannot find symbol
  symbol:   variable log
  location: class com.iotaccess.infrastructure.serial.SerialListener
[ERROR] /C:/Users/doxxt/OneDrive/Desktop/V1/iot-access-system/src/main/java/com/iotaccess/infrastructure/serial/SerialListener.java:[101,13] cannot find symbol
  symbol:   variable log
  location: class com.iotaccess.infrastructure.serial.SerialListener
[ERROR] /C:/Users/doxxt/OneDrive/Desktop/V1/iot-access-system/src/main/java/com/iotaccess/infrastructure/serial/SerialListener.java:[125,9] cannot find symbol
  symbol:   variable log
  location: class com.iotaccess.infrastructure.serial.SerialListener
[ERROR] /C:/Users/doxxt/OneDrive/Desktop/V1/iot-access-system/src/main/java/com/iotaccess/infrastructure/serial/SerialListener.java:[136,25] cannot find symbol
  symbol:   variable log
  location: class com.iotaccess.infrastructure.serial.SerialListener
[ERROR] /C:/Users/doxxt/OneDrive/Desktop/V1/iot-access-system/src/main/java/com/iotaccess/infrastructure/serial/SerialListener.java:[141,25] cannot find symbol
  symbol:   variable log
  location: class com.iotaccess.infrastructure.serial.SerialListener
[ERROR] /C:/Users/doxxt/OneDrive/Desktop/V1/iot-access-system/src/main/java/com/iotaccess/infrastructure/serial/SerialListener.java:[146,13] cannot find symbol
  symbol:   variable log
  location: class com.iotaccess.infrastructure.serial.SerialListener
[ERROR] /C:/Users/doxxt/OneDrive/Desktop/V1/iot-access-system/src/main/java/com/iotaccess/infrastructure/serial/SerialListener.java:[149,9] cannot find symbol
  symbol:   variable log
  location: class com.iotaccess.infrastructure.serial.SerialListener
[ERROR] /C:/Users/doxxt/OneDrive/Desktop/V1/iot-access-system/src/main/java/com/iotaccess/infrastructure/serial/SerialListener.java:[160,13] cannot find symbol
  symbol:   variable log
  location: class com.iotaccess.infrastructure.serial.SerialListener
[ERROR] /C:/Users/doxxt/OneDrive/Desktop/V1/iot-access-system/src/main/java/com/iotaccess/infrastructure/serial/SerialListener.java:[166,21] cannot find symbol
  symbol:   variable log
  location: class com.iotaccess.infrastructure.serial.SerialListener
[ERROR] /C:/Users/doxxt/OneDrive/Desktop/V1/iot-access-system/src/main/java/com/iotaccess/infrastructure/serial/SerialListener.java:[177,9] cannot find symbol
  symbol:   variable log
  location: class com.iotaccess.infrastructure.serial.SerialListener
[ERROR] /C:/Users/doxxt/OneDrive/Desktop/V1/iot-access-system/src/main/java/com/iotaccess/infrastructure/serial/SerialPortScanner.java:[27,9] cannot find symbol
  symbol:   variable log
  location: class com.iotaccess.infrastructure.serial.SerialPortScanner
[ERROR] /C:/Users/doxxt/OneDrive/Desktop/V1/iot-access-system/src/main/java/com/iotaccess/infrastructure/serial/SerialPortScanner.java:[49,9] cannot find symbol
  symbol:   variable log
  location: class com.iotaccess.infrastructure.serial.SerialPortScanner
[ERROR] /C:/Users/doxxt/OneDrive/Desktop/V1/iot-access-system/src/main/java/com/iotaccess/infrastructure/serial/SerialPortScanner.java:[68,30] cannot find symbol
  symbol:   method builder()
  location: class com.iotaccess.domain.model.SerialPortInfo
[ERROR] /C:/Users/doxxt/OneDrive/Desktop/V1/iot-access-system/src/main/java/com/iotaccess/presentation/controller/DashboardController.java:[37,20] cannot find symbol
  symbol:   method isActive()
  location: variable status of type com.iotaccess.application.dto.SessionStatusDto
[ERROR] /C:/Users/doxxt/OneDrive/Desktop/V1/iot-access-system/src/main/java/com/iotaccess/presentation/controller/DashboardController.java:[91,13] cannot find symbol
  symbol:   variable log
  location: class com.iotaccess.presentation.controller.DashboardController
[ERROR] /C:/Users/doxxt/OneDrive/Desktop/V1/iot-access-system/src/main/java/com/iotaccess/presentation/controller/DashboardController.java:[101,13] cannot find symbol
  symbol:   variable log
  location: class com.iotaccess.presentation.controller.DashboardController
[ERROR] /C:/Users/doxxt/OneDrive/Desktop/V1/iot-access-system/src/main/java/com/iotaccess/presentation/controller/DashboardController.java:[119,13] cannot find symbol
  symbol:   variable log
  location: class com.iotaccess.presentation.controller.DashboardController
[ERROR] /C:/Users/doxxt/OneDrive/Desktop/V1/iot-access-system/src/main/java/com/iotaccess/presentation/controller/DashboardController.java:[129,13] cannot find symbol
  symbol:   variable log
  location: class com.iotaccess.presentation.controller.DashboardController
[ERROR] /C:/Users/doxxt/OneDrive/Desktop/V1/iot-access-system/src/main/java/com/iotaccess/application/scheduler/BatchProcessingJob.java:[42,9] cannot find symbol
  symbol:   variable log
  location: class com.iotaccess.application.scheduler.BatchProcessingJob
[ERROR] /C:/Users/doxxt/OneDrive/Desktop/V1/iot-access-system/src/main/java/com/iotaccess/application/scheduler/BatchProcessingJob.java:[43,9] cannot find symbol
  symbol:   variable log
  location: class com.iotaccess.application.scheduler.BatchProcessingJob
[ERROR] /C:/Users/doxxt/OneDrive/Desktop/V1/iot-access-system/src/main/java/com/iotaccess/application/scheduler/BatchProcessingJob.java:[50,17] cannot find symbol
  symbol:   variable log
  location: class com.iotaccess.application.scheduler.BatchProcessingJob
[ERROR] /C:/Users/doxxt/OneDrive/Desktop/V1/iot-access-system/src/main/java/com/iotaccess/application/scheduler/BatchProcessingJob.java:[54,13] cannot find symbol
  symbol:   variable log
  location: class com.iotaccess.application.scheduler.BatchProcessingJob
[ERROR] /C:/Users/doxxt/OneDrive/Desktop/V1/iot-access-system/src/main/java/com/iotaccess/application/scheduler/BatchProcessingJob.java:[64,21] cannot find symbol
  symbol:   variable log
  location: class com.iotaccess.application.scheduler.BatchProcessingJob
[ERROR] /C:/Users/doxxt/OneDrive/Desktop/V1/iot-access-system/src/main/java/com/iotaccess/application/scheduler/BatchProcessingJob.java:[68,21] cannot find symbol
  symbol:   variable log
  location: class com.iotaccess.application.scheduler.BatchProcessingJob
[ERROR] /C:/Users/doxxt/OneDrive/Desktop/V1/iot-access-system/src/main/java/com/iotaccess/application/scheduler/BatchProcessingJob.java:[72,13] cannot find symbol
  symbol:   variable log
  location: class com.iotaccess.application.scheduler.BatchProcessingJob
[ERROR] /C:/Users/doxxt/OneDrive/Desktop/V1/iot-access-system/src/main/java/com/iotaccess/application/scheduler/BatchProcessingJob.java:[73,13] cannot find symbol
  symbol:   variable log
  location: class com.iotaccess.application.scheduler.BatchProcessingJob
[ERROR] /C:/Users/doxxt/OneDrive/Desktop/V1/iot-access-system/src/main/java/com/iotaccess/application/scheduler/BatchProcessingJob.java:[74,13] cannot find symbol
  symbol:   variable log
  location: class com.iotaccess.application.scheduler.BatchProcessingJob
[ERROR] /C:/Users/doxxt/OneDrive/Desktop/V1/iot-access-system/src/main/java/com/iotaccess/application/scheduler/BatchProcessingJob.java:[77,13] cannot find symbol
  symbol:   variable log
  location: class com.iotaccess.application.scheduler.BatchProcessingJob
[ERROR] /C:/Users/doxxt/OneDrive/Desktop/V1/iot-access-system/src/main/java/com/iotaccess/application/scheduler/BatchProcessingJob.java:[92,13] cannot find symbol
  symbol:   variable log
  location: class com.iotaccess.application.scheduler.BatchProcessingJob
[ERROR] /C:/Users/doxxt/OneDrive/Desktop/V1/iot-access-system/src/main/java/com/iotaccess/application/scheduler/BatchProcessingJob.java:[125,9] cannot find symbol
  symbol:   variable log
  location: class com.iotaccess.application.scheduler.BatchProcessingJob
[ERROR] /C:/Users/doxxt/OneDrive/Desktop/V1/iot-access-system/src/main/java/com/iotaccess/application/scheduler/BatchProcessingJob.java:[134,17] cannot find symbol
  symbol:   variable log
  location: class com.iotaccess.application.scheduler.BatchProcessingJob
[ERROR] /C:/Users/doxxt/OneDrive/Desktop/V1/iot-access-system/src/main/java/com/iotaccess/application/dto/SessionStatusDto.java:[34,32] cannot find symbol
  symbol:   method builder()
  location: class com.iotaccess.application.dto.SessionStatusDto
[ERROR] /C:/Users/doxxt/OneDrive/Desktop/V1/iot-access-system/src/main/java/com/iotaccess/application/dto/SessionStatusDto.java:[44,40] cannot find symbol
  symbol:   method isActive()
  location: variable session of type com.iotaccess.domain.model.CaptureSession
[ERROR] /C:/Users/doxxt/OneDrive/Desktop/V1/iot-access-system/src/main/java/com/iotaccess/application/dto/SessionStatusDto.java:[48,32] cannot find symbol
  symbol:   method builder()
  location: class com.iotaccess.application.dto.SessionStatusDto
[ERROR] /C:/Users/doxxt/OneDrive/Desktop/V1/iot-access-system/src/main/java/com/iotaccess/application/dto/SessionStatusDto.java:[50,34] cannot find symbol
  symbol:   method getPortName()
  location: variable session of type com.iotaccess.domain.model.CaptureSession
[ERROR] /C:/Users/doxxt/OneDrive/Desktop/V1/iot-access-system/src/main/java/com/iotaccess/application/dto/SessionStatusDto.java:[51,37] cannot find symbol
  symbol:   method getSessionName()
  location: variable session of type com.iotaccess.domain.model.CaptureSession
[ERROR] /C:/Users/doxxt/OneDrive/Desktop/V1/iot-access-system/src/main/java/com/iotaccess/application/dto/SessionStatusDto.java:[52,35] cannot find symbol
  symbol:   method getStartTime()
  location: variable session of type com.iotaccess.domain.model.CaptureSession
[ERROR] /C:/Users/doxxt/OneDrive/Desktop/V1/iot-access-system/src/main/java/com/iotaccess/application/dto/SessionStatusDto.java:[53,37] cannot find symbol
  symbol:   method getRecordCount()
  location: variable session of type com.iotaccess.domain.model.CaptureSession
[ERROR] /C:/Users/doxxt/OneDrive/Desktop/V1/iot-access-system/src/main/java/com/iotaccess/application/dto/SessionStatusDto.java:[54,37] cannot find symbol
  symbol:   method getCsvFilePath()
  location: variable session of type com.iotaccess.domain.model.CaptureSession
[ERROR] /C:/Users/doxxt/OneDrive/Desktop/V1/iot-access-system/src/main/java/com/iotaccess/domain/model/CaptureSession.java:[52,30] cannot find symbol
  symbol:   method builder()
  location: class com.iotaccess.domain.model.CaptureSession
[ERROR] /C:/Users/doxxt/OneDrive/Desktop/V1/iot-access-system/src/main/java/com/iotaccess/presentation/websocket/AccessWebSocketHandler.java:[29,9] cannot find symbol
  symbol:   variable log
  location: class com.iotaccess.presentation.websocket.AccessWebSocketHandler
[ERROR] /C:/Users/doxxt/OneDrive/Desktop/V1/iot-access-system/src/main/java/com/iotaccess/presentation/websocket/AccessWebSocketHandler.java:[35,9] cannot find symbol
  symbol:   variable log
  location: class com.iotaccess.presentation.websocket.AccessWebSocketHandler
[ERROR] /C:/Users/doxxt/OneDrive/Desktop/V1/iot-access-system/src/main/java/com/iotaccess/presentation/websocket/AccessWebSocketHandler.java:[40,9] cannot find symbol
  symbol:   variable log
  location: class com.iotaccess.presentation.websocket.AccessWebSocketHandler
[ERROR] /C:/Users/doxxt/OneDrive/Desktop/V1/iot-access-system/src/main/java/com/iotaccess/presentation/websocket/AccessWebSocketHandler.java:[46,9] cannot find symbol
  symbol:   variable log
  location: class com.iotaccess.presentation.websocket.AccessWebSocketHandler
[ERROR] /C:/Users/doxxt/OneDrive/Desktop/V1/iot-access-system/src/main/java/com/iotaccess/presentation/websocket/AccessWebSocketHandler.java:[57,13] cannot find symbol
  symbol:   variable log
  location: class com.iotaccess.presentation.websocket.AccessWebSocketHandler
[ERROR] /C:/Users/doxxt/OneDrive/Desktop/V1/iot-access-system/src/main/java/com/iotaccess/presentation/websocket/AccessWebSocketHandler.java:[70,25] cannot find symbol
  symbol:   variable log
  location: class com.iotaccess.presentation.websocket.AccessWebSocketHandler
[ERROR] /C:/Users/doxxt/OneDrive/Desktop/V1/iot-access-system/src/main/java/com/iotaccess/presentation/websocket/AccessWebSocketHandler.java:[76,13] cannot find symbol
  symbol:   variable log
  location: class com.iotaccess.presentation.websocket.AccessWebSocketHandler
[ERROR] /C:/Users/doxxt/OneDrive/Desktop/V1/iot-access-system/src/main/java/com/iotaccess/presentation/websocket/AccessWebSocketHandler.java:[79,13] cannot find symbol
  symbol:   variable log
  location: class com.iotaccess.presentation.websocket.AccessWebSocketHandler
[ERROR] /C:/Users/doxxt/OneDrive/Desktop/V1/iot-access-system/src/main/java/com/iotaccess/presentation/websocket/AccessWebSocketHandler.java:[105,13] cannot find symbol
  symbol:   variable log
  location: class com.iotaccess.presentation.websocket.AccessWebSocketHandler
[ERROR] /C:/Users/doxxt/OneDrive/Desktop/V1/iot-access-system/src/main/java/com/iotaccess/infrastructure/file/CsvAccessLogWriter.java:[53,21] cannot find symbol
  symbol:   variable log
  location: class com.iotaccess.infrastructure.file.CsvAccessLogWriter
[ERROR] /C:/Users/doxxt/OneDrive/Desktop/V1/iot-access-system/src/main/java/com/iotaccess/infrastructure/file/CsvAccessLogWriter.java:[80,21] cannot find symbol
  symbol:   variable log
  location: class com.iotaccess.infrastructure.file.CsvAccessLogWriter
[ERROR] /C:/Users/doxxt/OneDrive/Desktop/V1/iot-access-system/src/main/java/com/iotaccess/infrastructure/file/CsvAccessLogWriter.java:[82,21] cannot find symbol
  symbol:   variable log
  location: class com.iotaccess.infrastructure.file.CsvAccessLogWriter
[ERROR] /C:/Users/doxxt/OneDrive/Desktop/V1/iot-access-system/src/main/java/com/iotaccess/infrastructure/file/CsvAccessLogWriter.java:[107,17] cannot find symbol
  symbol:   variable log
  location: class com.iotaccess.infrastructure.file.CsvAccessLogWriter
[ERROR] /C:/Users/doxxt/OneDrive/Desktop/V1/iot-access-system/src/main/java/com/iotaccess/infrastructure/file/CsvAccessLogWriter.java:[112,21] cannot find symbol
  symbol:   variable log
  location: class com.iotaccess.infrastructure.file.CsvAccessLogWriter
[ERROR] /C:/Users/doxxt/OneDrive/Desktop/V1/iot-access-system/src/main/java/com/iotaccess/infrastructure/file/CsvAccessLogWriter.java:[127,21] cannot find symbol
  symbol:   variable log
  location: class com.iotaccess.infrastructure.file.CsvAccessLogWriter
[ERROR] /C:/Users/doxxt/OneDrive/Desktop/V1/iot-access-system/src/main/java/com/iotaccess/infrastructure/file/CsvAccessLogWriter.java:[129,21] cannot find symbol
  symbol:   variable log
  location: class com.iotaccess.infrastructure.file.CsvAccessLogWriter
[ERROR] /C:/Users/doxxt/OneDrive/Desktop/V1/iot-access-system/src/main/java/com/iotaccess/infrastructure/file/CsvAccessLogWriter.java:[142,21] cannot find symbol
  symbol:   variable log
  location: class com.iotaccess.infrastructure.file.CsvAccessLogWriter
[ERROR] /C:/Users/doxxt/OneDrive/Desktop/V1/iot-access-system/src/main/java/com/iotaccess/infrastructure/file/CsvAccessLogWriter.java:[144,21] cannot find symbol
  symbol:   variable log
  location: class com.iotaccess.infrastructure.file.CsvAccessLogWriter
[ERROR] /C:/Users/doxxt/OneDrive/Desktop/V1/iot-access-system/src/main/java/com/iotaccess/infrastructure/file/CsvAccessLogWriter.java:[171,23] cannot find symbol
  symbol:   method getTimestamp()
  location: variable record of type com.iotaccess.domain.model.AccessRecord
[ERROR] /C:/Users/doxxt/OneDrive/Desktop/V1/iot-access-system/src/main/java/com/iotaccess/infrastructure/file/CsvAccessLogWriter.java:[172,23] cannot find symbol
  symbol:   method getUid()
  location: variable record of type com.iotaccess.domain.model.AccessRecord
[ERROR] /C:/Users/doxxt/OneDrive/Desktop/V1/iot-access-system/src/main/java/com/iotaccess/infrastructure/file/CsvAccessLogWriter.java:[173,23] cannot find symbol
  symbol:   method getStatus()
  location: variable record of type com.iotaccess.domain.model.AccessRecord
[ERROR] /C:/Users/doxxt/OneDrive/Desktop/V1/iot-access-system/src/main/java/com/iotaccess/infrastructure/file/CsvAccessLogWriter.java:[174,23] cannot find symbol
  symbol:   method getStationId()
  location: variable record of type com.iotaccess.domain.model.AccessRecord
[ERROR] /C:/Users/doxxt/OneDrive/Desktop/V1/iot-access-system/src/main/java/com/iotaccess/infrastructure/file/CsvAccessLogWriter.java:[174,55] cannot find symbol
  symbol:   method getStationId()
  location: variable record of type com.iotaccess.domain.model.AccessRecord
[ERROR] /C:/Users/doxxt/OneDrive/Desktop/V1/iot-access-system/src/main/java/com/iotaccess/infrastructure/file/CsvAccessLogWriter.java:[182,9] cannot find symbol
  symbol:   variable log
  location: class com.iotaccess.infrastructure.file.CsvAccessLogWriter
[ERROR] /C:/Users/doxxt/OneDrive/Desktop/V1/iot-access-system/src/main/java/com/iotaccess/infrastructure/file/CsvAccessLogReader.java:[42,9] cannot find symbol
  symbol:   variable log
  location: class com.iotaccess.infrastructure.file.CsvAccessLogReader
[ERROR] /C:/Users/doxxt/OneDrive/Desktop/V1/iot-access-system/src/main/java/com/iotaccess/infrastructure/file/CsvAccessLogReader.java:[56,21] cannot find symbol
  symbol:   variable log
  location: class com.iotaccess.infrastructure.file.CsvAccessLogReader
[ERROR] /C:/Users/doxxt/OneDrive/Desktop/V1/iot-access-system/src/main/java/com/iotaccess/infrastructure/file/CsvAccessLogReader.java:[61,13] cannot find symbol
  symbol:   variable log
  location: class com.iotaccess.infrastructure.file.CsvAccessLogReader
[ERROR] /C:/Users/doxxt/OneDrive/Desktop/V1/iot-access-system/src/main/java/com/iotaccess/infrastructure/file/CsvAccessLogReader.java:[75,13] cannot find symbol
  symbol:   variable log
  location: class com.iotaccess.infrastructure.file.CsvAccessLogReader
[ERROR] /C:/Users/doxxt/OneDrive/Desktop/V1/iot-access-system/src/main/java/com/iotaccess/infrastructure/file/CsvAccessLogReader.java:[85,13] cannot find symbol
  symbol:   variable log
  location: class com.iotaccess.infrastructure.file.CsvAccessLogReader
[ERROR] /C:/Users/doxxt/OneDrive/Desktop/V1/iot-access-system/src/main/java/com/iotaccess/infrastructure/file/CsvAccessLogReader.java:[89,13] cannot find symbol
  symbol:   variable log
  location: class com.iotaccess.infrastructure.file.CsvAccessLogReader
[ERROR] /C:/Users/doxxt/OneDrive/Desktop/V1/iot-access-system/src/main/java/com/iotaccess/infrastructure/file/CsvAccessLogReader.java:[101,17] cannot find symbol
  symbol:   variable log
  location: class com.iotaccess.infrastructure.file.CsvAccessLogReader
[ERROR] /C:/Users/doxxt/OneDrive/Desktop/V1/iot-access-system/src/main/java/com/iotaccess/infrastructure/file/CsvAccessLogReader.java:[121,13] cannot find symbol
  symbol:   variable log
  location: class com.iotaccess.infrastructure.file.CsvAccessLogReader
[ERROR] /C:/Users/doxxt/OneDrive/Desktop/V1/iot-access-system/src/main/java/com/iotaccess/infrastructure/file/CsvAccessLogReader.java:[126,13] cannot find symbol
  symbol:   variable log
  location: class com.iotaccess.infrastructure.file.CsvAccessLogReader
[ERROR] /C:/Users/doxxt/OneDrive/Desktop/V1/iot-access-system/src/main/java/com/iotaccess/infrastructure/file/CsvAccessLogReader.java:[137,13] cannot find symbol
  symbol:   variable log
  location: class com.iotaccess.infrastructure.file.CsvAccessLogReader
[ERROR] /C:/Users/doxxt/OneDrive/Desktop/V1/iot-access-system/src/main/java/com/iotaccess/infrastructure/file/CsvAccessLogReader.java:[147,32] cannot find symbol
  symbol:   method builder()
  location: class com.iotaccess.domain.model.AccessRecord
[ERROR] /C:/Users/doxxt/OneDrive/Desktop/V1/iot-access-system/src/main/java/com/iotaccess/infrastructure/file/CsvAccessLogReader.java:[155,13] cannot find symbol
  symbol:   variable log
  location: class com.iotaccess.infrastructure.file.CsvAccessLogReader
[ERROR] /C:/Users/doxxt/OneDrive/Desktop/V1/iot-access-system/src/main/java/com/iotaccess/presentation/controller/ConfigController.java:[48,9] cannot find symbol
  symbol:   variable log
  location: class com.iotaccess.presentation.controller.ConfigController
[ERROR] /C:/Users/doxxt/OneDrive/Desktop/V1/iot-access-system/src/main/java/com/iotaccess/presentation/controller/ConfigController.java:[74,13] cannot find symbol
  symbol:   variable log
  location: class com.iotaccess.presentation.controller.ConfigController
[ERROR] /C:/Users/doxxt/OneDrive/Desktop/V1/iot-access-system/src/main/java/com/iotaccess/presentation/controller/ConfigController.java:[99,13] cannot find symbol
  symbol:   variable log
  location: class com.iotaccess.presentation.controller.ConfigController
[ERROR] /C:/Users/doxxt/OneDrive/Desktop/V1/iot-access-system/src/main/java/com/iotaccess/presentation/controller/ConfigController.java:[121,13] cannot find symbol
  symbol:   variable log
  location: class com.iotaccess.presentation.controller.ConfigController
[ERROR] /C:/Users/doxxt/OneDrive/Desktop/V1/iot-access-system/src/main/java/com/iotaccess/application/service/AccessServiceImpl.java:[61,53] cannot find symbol
  symbol:   method isActive()
  location: variable currentSession of type com.iotaccess.domain.model.CaptureSession
[ERROR] /C:/Users/doxxt/OneDrive/Desktop/V1/iot-access-system/src/main/java/com/iotaccess/application/service/AccessServiceImpl.java:[65,9] cannot find symbol
  symbol:   variable log
  location: class com.iotaccess.application.service.AccessServiceImpl
[ERROR] /C:/Users/doxxt/OneDrive/Desktop/V1/iot-access-system/src/main/java/com/iotaccess/application/service/AccessServiceImpl.java:[78,23] cannot find symbol
  symbol:   method setCsvFilePath(java.lang.String)
  location: variable currentSession of type com.iotaccess.domain.model.CaptureSession
[ERROR] /C:/Users/doxxt/OneDrive/Desktop/V1/iot-access-system/src/main/java/com/iotaccess/application/service/AccessServiceImpl.java:[80,9] cannot find symbol
  symbol:   variable log
  location: class com.iotaccess.application.service.AccessServiceImpl
[ERROR] /C:/Users/doxxt/OneDrive/Desktop/V1/iot-access-system/src/main/java/com/iotaccess/application/service/AccessServiceImpl.java:[85,54] cannot find symbol
  symbol:   method isActive()
  location: variable currentSession of type com.iotaccess.domain.model.CaptureSession
[ERROR] /C:/Users/doxxt/OneDrive/Desktop/V1/iot-access-system/src/main/java/com/iotaccess/application/service/AccessServiceImpl.java:[86,13] cannot find symbol
  symbol:   variable log
  location: class com.iotaccess.application.service.AccessServiceImpl
[ERROR] /C:/Users/doxxt/OneDrive/Desktop/V1/iot-access-system/src/main/java/com/iotaccess/application/service/AccessServiceImpl.java:[90,9] cannot find symbol
  symbol:   variable log
  location: class com.iotaccess.application.service.AccessServiceImpl
[INFO] 100 errors 
[INFO] -------------------------------------------------------------
[INFO] ------------------------------------------------------------------------
[INFO] BUILD FAILURE
[INFO] ------------------------------------------------------------------------
[INFO] Total time:  2.224 s
[INFO] Finished at: 2026-02-03T14:24:34-06:00
[INFO] ------------------------------------------------------------------------
[ERROR] Failed to execute goal org.apache.maven.plugins:maven-compiler-plugin:3.11.0:compile (default-compile) on project iot-access-system: Compilation failure: Compilation failure: 
[ERROR] /C:/Users/doxxt/OneDrive/Desktop/V1/iot-access-system/src/main/java/com/iotaccess/application/dto/AccessRecordDto.java:[39,44] cannot find symbol
[ERROR]   symbol:   method getStatus()
[ERROR]   location: variable record of type com.iotaccess.domain.model.AccessRecord
[ERROR] /C:/Users/doxxt/OneDrive/Desktop/V1/iot-access-system/src/main/java/com/iotaccess/application/dto/AccessRecordDto.java:[45,43] cannot find symbol
[ERROR]   symbol:   method getStatus()
[ERROR]   location: variable record of type com.iotaccess.domain.model.AccessRecord
[ERROR] /C:/Users/doxxt/OneDrive/Desktop/V1/iot-access-system/src/main/java/com/iotaccess/application/dto/AccessRecordDto.java:[51,31] cannot find symbol
[ERROR]   symbol:   method builder()
[ERROR]   location: class com.iotaccess.application.dto.AccessRecordDto
[ERROR] /C:/Users/doxxt/OneDrive/Desktop/V1/iot-access-system/src/main/java/com/iotaccess/application/dto/AccessRecordDto.java:[52,27] cannot find symbol
[ERROR]   symbol:   method getId()
[ERROR]   location: variable record of type com.iotaccess.domain.model.AccessRecord
[ERROR] /C:/Users/doxxt/OneDrive/Desktop/V1/iot-access-system/src/main/java/com/iotaccess/application/dto/AccessRecordDto.java:[53,28] cannot find symbol
[ERROR]   symbol:   method getUid()
[ERROR]   location: variable record of type com.iotaccess.domain.model.AccessRecord
[ERROR] /C:/Users/doxxt/OneDrive/Desktop/V1/iot-access-system/src/main/java/com/iotaccess/application/dto/AccessRecordDto.java:[54,34] cannot find symbol
[ERROR]   symbol:   method getTimestamp()
[ERROR]   location: variable record of type com.iotaccess.domain.model.AccessRecord
[ERROR] /C:/Users/doxxt/OneDrive/Desktop/V1/iot-access-system/src/main/java/com/iotaccess/application/dto/AccessRecordDto.java:[55,29] cannot find symbol
[ERROR]   symbol:   method getTimestamp()
[ERROR]   location: variable record of type com.iotaccess.domain.model.AccessRecord
[ERROR] /C:/Users/doxxt/OneDrive/Desktop/V1/iot-access-system/src/main/java/com/iotaccess/application/dto/AccessRecordDto.java:[56,29] cannot find symbol
[ERROR]   symbol:   method getTimestamp()
[ERROR]   location: variable record of type com.iotaccess.domain.model.AccessRecord
[ERROR] /C:/Users/doxxt/OneDrive/Desktop/V1/iot-access-system/src/main/java/com/iotaccess/application/dto/AccessRecordDto.java:[59,33] cannot find symbol
[ERROR]   symbol:   method getUserName()
[ERROR]   location: variable record of type com.iotaccess.domain.model.AccessRecord
[ERROR] /C:/Users/doxxt/OneDrive/Desktop/V1/iot-access-system/src/main/java/com/iotaccess/application/dto/AccessRecordDto.java:[59,64] cannot find symbol
[ERROR]   symbol:   method getUserName()
[ERROR]   location: variable record of type com.iotaccess.domain.model.AccessRecord
[ERROR] /C:/Users/doxxt/OneDrive/Desktop/V1/iot-access-system/src/main/java/com/iotaccess/application/dto/AccessRecordDto.java:[60,34] cannot find symbol
[ERROR]   symbol:   method getStationId()
[ERROR]   location: variable record of type com.iotaccess.domain.model.AccessRecord
[ERROR] /C:/Users/doxxt/OneDrive/Desktop/V1/iot-access-system/src/main/java/com/iotaccess/domain/model/AccessRecord.java:[47,28] cannot find symbol
[ERROR]   symbol:   method builder()
[ERROR]   location: class com.iotaccess.domain.model.AccessRecord
[ERROR] /C:/Users/doxxt/OneDrive/Desktop/V1/iot-access-system/src/main/java/com/iotaccess/infrastructure/serial/SerialListener.java:[63,13] cannot find symbol
[ERROR]   symbol:   variable log
[ERROR]   location: class com.iotaccess.infrastructure.serial.SerialListener
[ERROR] /C:/Users/doxxt/OneDrive/Desktop/V1/iot-access-system/src/main/java/com/iotaccess/infrastructure/serial/SerialListener.java:[87,9] cannot find symbol
[ERROR]   symbol:   variable log
[ERROR]   location: class com.iotaccess.infrastructure.serial.SerialListener
[ERROR] /C:/Users/doxxt/OneDrive/Desktop/V1/iot-access-system/src/main/java/com/iotaccess/infrastructure/serial/SerialListener.java:[101,13] cannot find symbol
[ERROR]   symbol:   variable log
[ERROR]   location: class com.iotaccess.infrastructure.serial.SerialListener
[ERROR] /C:/Users/doxxt/OneDrive/Desktop/V1/iot-access-system/src/main/java/com/iotaccess/infrastructure/serial/SerialListener.java:[125,9] cannot find symbol
[ERROR]   symbol:   variable log
[ERROR]   location: class com.iotaccess.infrastructure.serial.SerialListener
[ERROR] /C:/Users/doxxt/OneDrive/Desktop/V1/iot-access-system/src/main/java/com/iotaccess/infrastructure/serial/SerialListener.java:[136,25] cannot find symbol
[ERROR]   symbol:   variable log
[ERROR]   location: class com.iotaccess.infrastructure.serial.SerialListener
[ERROR] /C:/Users/doxxt/OneDrive/Desktop/V1/iot-access-system/src/main/java/com/iotaccess/infrastructure/serial/SerialListener.java:[141,25] cannot find symbol
[ERROR]   symbol:   variable log
[ERROR]   location: class com.iotaccess.infrastructure.serial.SerialListener
[ERROR] /C:/Users/doxxt/OneDrive/Desktop/V1/iot-access-system/src/main/java/com/iotaccess/infrastructure/serial/SerialListener.java:[146,13] cannot find symbol
[ERROR]   symbol:   variable log
[ERROR]   location: class com.iotaccess.infrastructure.serial.SerialListener
[ERROR] /C:/Users/doxxt/OneDrive/Desktop/V1/iot-access-system/src/main/java/com/iotaccess/infrastructure/serial/SerialListener.java:[149,9] cannot find symbol
[ERROR]   symbol:   variable log
[ERROR]   location: class com.iotaccess.infrastructure.serial.SerialListener
[ERROR] /C:/Users/doxxt/OneDrive/Desktop/V1/iot-access-system/src/main/java/com/iotaccess/infrastructure/serial/SerialListener.java:[160,13] cannot find symbol
[ERROR]   symbol:   variable log
[ERROR]   location: class com.iotaccess.infrastructure.serial.SerialListener
[ERROR] /C:/Users/doxxt/OneDrive/Desktop/V1/iot-access-system/src/main/java/com/iotaccess/infrastructure/serial/SerialListener.java:[166,21] cannot find symbol
[ERROR]   symbol:   variable log
[ERROR]   location: class com.iotaccess.infrastructure.serial.SerialListener
[ERROR] /C:/Users/doxxt/OneDrive/Desktop/V1/iot-access-system/src/main/java/com/iotaccess/infrastructure/serial/SerialListener.java:[177,9] cannot find symbol
[ERROR]   symbol:   variable log
[ERROR]   location: class com.iotaccess.infrastructure.serial.SerialListener
[ERROR] /C:/Users/doxxt/OneDrive/Desktop/V1/iot-access-system/src/main/java/com/iotaccess/infrastructure/serial/SerialPortScanner.java:[27,9] cannot find symbol
[ERROR]   symbol:   variable log
[ERROR]   location: class com.iotaccess.infrastructure.serial.SerialPortScanner
[ERROR] /C:/Users/doxxt/OneDrive/Desktop/V1/iot-access-system/src/main/java/com/iotaccess/infrastructure/serial/SerialPortScanner.java:[49,9] cannot find symbol
[ERROR]   symbol:   variable log
[ERROR]   location: class com.iotaccess.infrastructure.serial.SerialPortScanner
[ERROR] /C:/Users/doxxt/OneDrive/Desktop/V1/iot-access-system/src/main/java/com/iotaccess/infrastructure/serial/SerialPortScanner.java:[68,30] cannot find symbol
[ERROR]   symbol:   method builder()
[ERROR]   location: class com.iotaccess.domain.model.SerialPortInfo
[ERROR] /C:/Users/doxxt/OneDrive/Desktop/V1/iot-access-system/src/main/java/com/iotaccess/presentation/controller/DashboardController.java:[37,20] cannot find symbol
[ERROR]   symbol:   method isActive()
[ERROR]   location: variable status of type com.iotaccess.application.dto.SessionStatusDto
[ERROR] /C:/Users/doxxt/OneDrive/Desktop/V1/iot-access-system/src/main/java/com/iotaccess/presentation/controller/DashboardController.java:[91,13] cannot find symbol
[ERROR]   symbol:   variable log
[ERROR]   location: class com.iotaccess.presentation.controller.DashboardController
[ERROR] /C:/Users/doxxt/OneDrive/Desktop/V1/iot-access-system/src/main/java/com/iotaccess/presentation/controller/DashboardController.java:[101,13] cannot find symbol
[ERROR]   symbol:   variable log
[ERROR]   location: class com.iotaccess.presentation.controller.DashboardController
[ERROR] /C:/Users/doxxt/OneDrive/Desktop/V1/iot-access-system/src/main/java/com/iotaccess/presentation/controller/DashboardController.java:[119,13] cannot find symbol
[ERROR]   symbol:   variable log
[ERROR]   location: class com.iotaccess.presentation.controller.DashboardController
[ERROR] /C:/Users/doxxt/OneDrive/Desktop/V1/iot-access-system/src/main/java/com/iotaccess/presentation/controller/DashboardController.java:[129,13] cannot find symbol
[ERROR]   symbol:   variable log
[ERROR]   location: class com.iotaccess.presentation.controller.DashboardController
[ERROR] /C:/Users/doxxt/OneDrive/Desktop/V1/iot-access-system/src/main/java/com/iotaccess/application/scheduler/BatchProcessingJob.java:[42,9] cannot find symbol
[ERROR]   symbol:   variable log
[ERROR]   location: class com.iotaccess.application.scheduler.BatchProcessingJob
[ERROR] /C:/Users/doxxt/OneDrive/Desktop/V1/iot-access-system/src/main/java/com/iotaccess/application/scheduler/BatchProcessingJob.java:[43,9] cannot find symbol
[ERROR]   symbol:   variable log
[ERROR]   location: class com.iotaccess.application.scheduler.BatchProcessingJob
[ERROR] /C:/Users/doxxt/OneDrive/Desktop/V1/iot-access-system/src/main/java/com/iotaccess/application/scheduler/BatchProcessingJob.java:[50,17] cannot find symbol
[ERROR]   symbol:   variable log
[ERROR]   location: class com.iotaccess.application.scheduler.BatchProcessingJob
[ERROR] /C:/Users/doxxt/OneDrive/Desktop/V1/iot-access-system/src/main/java/com/iotaccess/application/scheduler/BatchProcessingJob.java:[54,13] cannot find symbol
[ERROR]   symbol:   variable log
[ERROR]   location: class com.iotaccess.application.scheduler.BatchProcessingJob
[ERROR] /C:/Users/doxxt/OneDrive/Desktop/V1/iot-access-system/src/main/java/com/iotaccess/application/scheduler/BatchProcessingJob.java:[64,21] cannot find symbol
[ERROR]   symbol:   variable log
[ERROR]   location: class com.iotaccess.application.scheduler.BatchProcessingJob
[ERROR] /C:/Users/doxxt/OneDrive/Desktop/V1/iot-access-system/src/main/java/com/iotaccess/application/scheduler/BatchProcessingJob.java:[68,21] cannot find symbol
[ERROR]   symbol:   variable log
[ERROR]   location: class com.iotaccess.application.scheduler.BatchProcessingJob
[ERROR] /C:/Users/doxxt/OneDrive/Desktop/V1/iot-access-system/src/main/java/com/iotaccess/application/scheduler/BatchProcessingJob.java:[72,13] cannot find symbol
[ERROR]   symbol:   variable log
[ERROR]   location: class com.iotaccess.application.scheduler.BatchProcessingJob
[ERROR] /C:/Users/doxxt/OneDrive/Desktop/V1/iot-access-system/src/main/java/com/iotaccess/application/scheduler/BatchProcessingJob.java:[73,13] cannot find symbol
[ERROR]   symbol:   variable log
[ERROR]   location: class com.iotaccess.application.scheduler.BatchProcessingJob
[ERROR] /C:/Users/doxxt/OneDrive/Desktop/V1/iot-access-system/src/main/java/com/iotaccess/application/scheduler/BatchProcessingJob.java:[74,13] cannot find symbol
[ERROR]   symbol:   variable log
[ERROR]   location: class com.iotaccess.application.scheduler.BatchProcessingJob
[ERROR] /C:/Users/doxxt/OneDrive/Desktop/V1/iot-access-system/src/main/java/com/iotaccess/application/scheduler/BatchProcessingJob.java:[77,13] cannot find symbol
[ERROR]   symbol:   variable log
[ERROR]   location: class com.iotaccess.application.scheduler.BatchProcessingJob
[ERROR] /C:/Users/doxxt/OneDrive/Desktop/V1/iot-access-system/src/main/java/com/iotaccess/application/scheduler/BatchProcessingJob.java:[92,13] cannot find symbol
[ERROR]   symbol:   variable log
[ERROR]   location: class com.iotaccess.application.scheduler.BatchProcessingJob
[ERROR] /C:/Users/doxxt/OneDrive/Desktop/V1/iot-access-system/src/main/java/com/iotaccess/application/scheduler/BatchProcessingJob.java:[125,9] cannot find symbol
[ERROR]   symbol:   variable log
[ERROR]   location: class com.iotaccess.application.scheduler.BatchProcessingJob
[ERROR] /C:/Users/doxxt/OneDrive/Desktop/V1/iot-access-system/src/main/java/com/iotaccess/application/scheduler/BatchProcessingJob.java:[134,17] cannot find symbol
[ERROR]   symbol:   variable log
[ERROR]   location: class com.iotaccess.application.scheduler.BatchProcessingJob
[ERROR] /C:/Users/doxxt/OneDrive/Desktop/V1/iot-access-system/src/main/java/com/iotaccess/application/dto/SessionStatusDto.java:[34,32] cannot find symbol
[ERROR]   symbol:   method builder()
[ERROR]   location: class com.iotaccess.application.dto.SessionStatusDto
[ERROR] /C:/Users/doxxt/OneDrive/Desktop/V1/iot-access-system/src/main/java/com/iotaccess/application/dto/SessionStatusDto.java:[44,40] cannot find symbol
[ERROR]   symbol:   method isActive()
[ERROR]   location: variable session of type com.iotaccess.domain.model.CaptureSession
[ERROR] /C:/Users/doxxt/OneDrive/Desktop/V1/iot-access-system/src/main/java/com/iotaccess/application/dto/SessionStatusDto.java:[48,32] cannot find symbol
[ERROR]   symbol:   method builder()
[ERROR]   location: class com.iotaccess.application.dto.SessionStatusDto
[ERROR] /C:/Users/doxxt/OneDrive/Desktop/V1/iot-access-system/src/main/java/com/iotaccess/application/dto/SessionStatusDto.java:[50,34] cannot find symbol
[ERROR]   symbol:   method getPortName()
[ERROR]   location: variable session of type com.iotaccess.domain.model.CaptureSession
[ERROR] /C:/Users/doxxt/OneDrive/Desktop/V1/iot-access-system/src/main/java/com/iotaccess/application/dto/SessionStatusDto.java:[51,37] cannot find symbol
[ERROR]   symbol:   method getSessionName()
[ERROR]   location: variable session of type com.iotaccess.domain.model.CaptureSession
[ERROR] /C:/Users/doxxt/OneDrive/Desktop/V1/iot-access-system/src/main/java/com/iotaccess/application/dto/SessionStatusDto.java:[52,35] cannot find symbol
[ERROR]   symbol:   method getStartTime()
[ERROR]   location: variable session of type com.iotaccess.domain.model.CaptureSession
[ERROR] /C:/Users/doxxt/OneDrive/Desktop/V1/iot-access-system/src/main/java/com/iotaccess/application/dto/SessionStatusDto.java:[53,37] cannot find symbol
[ERROR]   symbol:   method getRecordCount()
[ERROR]   location: variable session of type com.iotaccess.domain.model.CaptureSession
[ERROR] /C:/Users/doxxt/OneDrive/Desktop/V1/iot-access-system/src/main/java/com/iotaccess/application/dto/SessionStatusDto.java:[54,37] cannot find symbol
[ERROR]   symbol:   method getCsvFilePath()
[ERROR]   location: variable session of type com.iotaccess.domain.model.CaptureSession
[ERROR] /C:/Users/doxxt/OneDrive/Desktop/V1/iot-access-system/src/main/java/com/iotaccess/domain/model/CaptureSession.java:[52,30] cannot find symbol
[ERROR]   symbol:   method builder()
[ERROR]   location: class com.iotaccess.domain.model.CaptureSession
[ERROR] /C:/Users/doxxt/OneDrive/Desktop/V1/iot-access-system/src/main/java/com/iotaccess/presentation/websocket/AccessWebSocketHandler.java:[29,9] cannot find symbol
[ERROR]   symbol:   variable log
[ERROR]   location: class com.iotaccess.presentation.websocket.AccessWebSocketHandler
[ERROR] /C:/Users/doxxt/OneDrive/Desktop/V1/iot-access-system/src/main/java/com/iotaccess/presentation/websocket/AccessWebSocketHandler.java:[35,9] cannot find symbol
[ERROR]   symbol:   variable log
[ERROR]   location: class com.iotaccess.presentation.websocket.AccessWebSocketHandler
[ERROR] /C:/Users/doxxt/OneDrive/Desktop/V1/iot-access-system/src/main/java/com/iotaccess/presentation/websocket/AccessWebSocketHandler.java:[40,9] cannot find symbol
[ERROR]   symbol:   variable log
[ERROR]   location: class com.iotaccess.presentation.websocket.AccessWebSocketHandler
[ERROR] /C:/Users/doxxt/OneDrive/Desktop/V1/iot-access-system/src/main/java/com/iotaccess/presentation/websocket/AccessWebSocketHandler.java:[46,9] cannot find symbol
[ERROR]   symbol:   variable log
[ERROR]   location: class com.iotaccess.presentation.websocket.AccessWebSocketHandler
[ERROR] /C:/Users/doxxt/OneDrive/Desktop/V1/iot-access-system/src/main/java/com/iotaccess/presentation/websocket/AccessWebSocketHandler.java:[57,13] cannot find symbol
[ERROR]   symbol:   variable log
[ERROR]   location: class com.iotaccess.presentation.websocket.AccessWebSocketHandler
[ERROR] /C:/Users/doxxt/OneDrive/Desktop/V1/iot-access-system/src/main/java/com/iotaccess/presentation/websocket/AccessWebSocketHandler.java:[70,25] cannot find symbol
[ERROR]   symbol:   variable log
[ERROR]   location: class com.iotaccess.presentation.websocket.AccessWebSocketHandler
[ERROR] /C:/Users/doxxt/OneDrive/Desktop/V1/iot-access-system/src/main/java/com/iotaccess/presentation/websocket/AccessWebSocketHandler.java:[76,13] cannot find symbol
[ERROR]   symbol:   variable log
[ERROR]   location: class com.iotaccess.presentation.websocket.AccessWebSocketHandler
[ERROR] /C:/Users/doxxt/OneDrive/Desktop/V1/iot-access-system/src/main/java/com/iotaccess/presentation/websocket/AccessWebSocketHandler.java:[79,13] cannot find symbol
[ERROR]   symbol:   variable log
[ERROR]   location: class com.iotaccess.presentation.websocket.AccessWebSocketHandler
[ERROR] /C:/Users/doxxt/OneDrive/Desktop/V1/iot-access-system/src/main/java/com/iotaccess/presentation/websocket/AccessWebSocketHandler.java:[105,13] cannot find symbol
[ERROR]   symbol:   variable log
[ERROR]   location: class com.iotaccess.presentation.websocket.AccessWebSocketHandler
[ERROR] /C:/Users/doxxt/OneDrive/Desktop/V1/iot-access-system/src/main/java/com/iotaccess/infrastructure/file/CsvAccessLogWriter.java:[53,21] cannot find symbol
[ERROR]   symbol:   variable log
[ERROR]   location: class com.iotaccess.infrastructure.file.CsvAccessLogWriter
[ERROR] /C:/Users/doxxt/OneDrive/Desktop/V1/iot-access-system/src/main/java/com/iotaccess/infrastructure/file/CsvAccessLogWriter.java:[80,21] cannot find symbol
[ERROR]   symbol:   variable log
[ERROR]   location: class com.iotaccess.infrastructure.file.CsvAccessLogWriter
[ERROR] /C:/Users/doxxt/OneDrive/Desktop/V1/iot-access-system/src/main/java/com/iotaccess/infrastructure/file/CsvAccessLogWriter.java:[82,21] cannot find symbol
[ERROR]   symbol:   variable log
[ERROR]   location: class com.iotaccess.infrastructure.file.CsvAccessLogWriter
[ERROR] /C:/Users/doxxt/OneDrive/Desktop/V1/iot-access-system/src/main/java/com/iotaccess/infrastructure/file/CsvAccessLogWriter.java:[107,17] cannot find symbol
[ERROR]   symbol:   variable log
[ERROR]   location: class com.iotaccess.infrastructure.file.CsvAccessLogWriter
[ERROR] /C:/Users/doxxt/OneDrive/Desktop/V1/iot-access-system/src/main/java/com/iotaccess/infrastructure/file/CsvAccessLogWriter.java:[112,21] cannot find symbol
[ERROR]   symbol:   variable log
[ERROR]   location: class com.iotaccess.infrastructure.file.CsvAccessLogWriter
[ERROR] /C:/Users/doxxt/OneDrive/Desktop/V1/iot-access-system/src/main/java/com/iotaccess/infrastructure/file/CsvAccessLogWriter.java:[127,21] cannot find symbol
[ERROR]   symbol:   variable log
[ERROR]   location: class com.iotaccess.infrastructure.file.CsvAccessLogWriter
[ERROR] /C:/Users/doxxt/OneDrive/Desktop/V1/iot-access-system/src/main/java/com/iotaccess/infrastructure/file/CsvAccessLogWriter.java:[129,21] cannot find symbol
[ERROR]   symbol:   variable log
[ERROR]   location: class com.iotaccess.infrastructure.file.CsvAccessLogWriter
[ERROR] /C:/Users/doxxt/OneDrive/Desktop/V1/iot-access-system/src/main/java/com/iotaccess/infrastructure/file/CsvAccessLogWriter.java:[142,21] cannot find symbol
[ERROR]   symbol:   variable log
[ERROR]   location: class com.iotaccess.infrastructure.file.CsvAccessLogWriter
[ERROR] /C:/Users/doxxt/OneDrive/Desktop/V1/iot-access-system/src/main/java/com/iotaccess/infrastructure/file/CsvAccessLogWriter.java:[144,21] cannot find symbol
[ERROR]   symbol:   variable log
[ERROR]   location: class com.iotaccess.infrastructure.file.CsvAccessLogWriter
[ERROR] /C:/Users/doxxt/OneDrive/Desktop/V1/iot-access-system/src/main/java/com/iotaccess/infrastructure/file/CsvAccessLogWriter.java:[171,23] cannot find symbol
[ERROR]   symbol:   method getTimestamp()
[ERROR]   location: variable record of type com.iotaccess.domain.model.AccessRecord
[ERROR] /C:/Users/doxxt/OneDrive/Desktop/V1/iot-access-system/src/main/java/com/iotaccess/infrastructure/file/CsvAccessLogWriter.java:[172,23] cannot find symbol
[ERROR]   symbol:   method getUid()
[ERROR]   location: variable record of type com.iotaccess.domain.model.AccessRecord
[ERROR] /C:/Users/doxxt/OneDrive/Desktop/V1/iot-access-system/src/main/java/com/iotaccess/infrastructure/file/CsvAccessLogWriter.java:[173,23] cannot find symbol
[ERROR]   symbol:   method getStatus()
[ERROR]   location: variable record of type com.iotaccess.domain.model.AccessRecord
[ERROR] /C:/Users/doxxt/OneDrive/Desktop/V1/iot-access-system/src/main/java/com/iotaccess/infrastructure/file/CsvAccessLogWriter.java:[174,23] cannot find symbol
[ERROR]   symbol:   method getStationId()
[ERROR]   location: variable record of type com.iotaccess.domain.model.AccessRecord
[ERROR] /C:/Users/doxxt/OneDrive/Desktop/V1/iot-access-system/src/main/java/com/iotaccess/infrastructure/file/CsvAccessLogWriter.java:[174,55] cannot find symbol
[ERROR]   symbol:   method getStationId()
[ERROR]   location: variable record of type com.iotaccess.domain.model.AccessRecord
[ERROR] /C:/Users/doxxt/OneDrive/Desktop/V1/iot-access-system/src/main/java/com/iotaccess/infrastructure/file/CsvAccessLogWriter.java:[182,9] cannot find symbol
[ERROR]   symbol:   variable log
[ERROR]   location: class com.iotaccess.infrastructure.file.CsvAccessLogWriter
[ERROR] /C:/Users/doxxt/OneDrive/Desktop/V1/iot-access-system/src/main/java/com/iotaccess/infrastructure/file/CsvAccessLogReader.java:[42,9] cannot find symbol
[ERROR]   symbol:   variable log
[ERROR]   location: class com.iotaccess.infrastructure.file.CsvAccessLogReader
[ERROR] /C:/Users/doxxt/OneDrive/Desktop/V1/iot-access-system/src/main/java/com/iotaccess/infrastructure/file/CsvAccessLogReader.java:[56,21] cannot find symbol
[ERROR]   symbol:   variable log
[ERROR]   location: class com.iotaccess.infrastructure.file.CsvAccessLogReader
[ERROR] /C:/Users/doxxt/OneDrive/Desktop/V1/iot-access-system/src/main/java/com/iotaccess/infrastructure/file/CsvAccessLogReader.java:[61,13] cannot find symbol
[ERROR]   symbol:   variable log
[ERROR]   location: class com.iotaccess.infrastructure.file.CsvAccessLogReader
[ERROR] /C:/Users/doxxt/OneDrive/Desktop/V1/iot-access-system/src/main/java/com/iotaccess/infrastructure/file/CsvAccessLogReader.java:[75,13] cannot find symbol
[ERROR]   symbol:   variable log
[ERROR]   location: class com.iotaccess.infrastructure.file.CsvAccessLogReader
[ERROR] /C:/Users/doxxt/OneDrive/Desktop/V1/iot-access-system/src/main/java/com/iotaccess/infrastructure/file/CsvAccessLogReader.java:[85,13] cannot find symbol
[ERROR]   symbol:   variable log
[ERROR]   location: class com.iotaccess.infrastructure.file.CsvAccessLogReader
[ERROR] /C:/Users/doxxt/OneDrive/Desktop/V1/iot-access-system/src/main/java/com/iotaccess/infrastructure/file/CsvAccessLogReader.java:[89,13] cannot find symbol
[ERROR]   symbol:   variable log
[ERROR]   location: class com.iotaccess.infrastructure.file.CsvAccessLogReader
[ERROR] /C:/Users/doxxt/OneDrive/Desktop/V1/iot-access-system/src/main/java/com/iotaccess/infrastructure/file/CsvAccessLogReader.java:[101,17] cannot find symbol
[ERROR]   symbol:   variable log
[ERROR]   location: class com.iotaccess.infrastructure.file.CsvAccessLogReader
[ERROR] /C:/Users/doxxt/OneDrive/Desktop/V1/iot-access-system/src/main/java/com/iotaccess/infrastructure/file/CsvAccessLogReader.java:[121,13] cannot find symbol
[ERROR]   symbol:   variable log
[ERROR]   location: class com.iotaccess.infrastructure.file.CsvAccessLogReader
[ERROR] /C:/Users/doxxt/OneDrive/Desktop/V1/iot-access-system/src/main/java/com/iotaccess/infrastructure/file/CsvAccessLogReader.java:[126,13] cannot find symbol
[ERROR]   symbol:   variable log
[ERROR]   location: class com.iotaccess.infrastructure.file.CsvAccessLogReader
[ERROR] /C:/Users/doxxt/OneDrive/Desktop/V1/iot-access-system/src/main/java/com/iotaccess/infrastructure/file/CsvAccessLogReader.java:[137,13] cannot find symbol
[ERROR]   symbol:   variable log
[ERROR]   location: class com.iotaccess.infrastructure.file.CsvAccessLogReader
[ERROR] /C:/Users/doxxt/OneDrive/Desktop/V1/iot-access-system/src/main/java/com/iotaccess/infrastructure/file/CsvAccessLogReader.java:[147,32] cannot find symbol
[ERROR]   symbol:   method builder()
[ERROR]   location: class com.iotaccess.domain.model.AccessRecord
[ERROR] /C:/Users/doxxt/OneDrive/Desktop/V1/iot-access-system/src/main/java/com/iotaccess/infrastructure/file/CsvAccessLogReader.java:[155,13] cannot find symbol
[ERROR]   symbol:   variable log
[ERROR]   location: class com.iotaccess.infrastructure.file.CsvAccessLogReader
[ERROR] /C:/Users/doxxt/OneDrive/Desktop/V1/iot-access-system/src/main/java/com/iotaccess/presentation/controller/ConfigController.java:[48,9] cannot find symbol
[ERROR]   symbol:   variable log
[ERROR]   location: class com.iotaccess.presentation.controller.ConfigController
[ERROR] /C:/Users/doxxt/OneDrive/Desktop/V1/iot-access-system/src/main/java/com/iotaccess/presentation/controller/ConfigController.java:[74,13] cannot find symbol
[ERROR]   symbol:   variable log
[ERROR]   location: class com.iotaccess.presentation.controller.ConfigController
[ERROR] /C:/Users/doxxt/OneDrive/Desktop/V1/iot-access-system/src/main/java/com/iotaccess/presentation/controller/ConfigController.java:[99,13] cannot find symbol
[ERROR]   symbol:   variable log
[ERROR]   location: class com.iotaccess.presentation.controller.ConfigController
[ERROR] /C:/Users/doxxt/OneDrive/Desktop/V1/iot-access-system/src/main/java/com/iotaccess/presentation/controller/ConfigController.java:[121,13] cannot find symbol
[ERROR]   symbol:   variable log
[ERROR]   location: class com.iotaccess.presentation.controller.ConfigController
[ERROR] /C:/Users/doxxt/OneDrive/Desktop/V1/iot-access-system/src/main/java/com/iotaccess/application/service/AccessServiceImpl.java:[61,53] cannot find symbol
[ERROR]   symbol:   method isActive()
[ERROR]   location: variable currentSession of type com.iotaccess.domain.model.CaptureSession
[ERROR] /C:/Users/doxxt/OneDrive/Desktop/V1/iot-access-system/src/main/java/com/iotaccess/application/service/AccessServiceImpl.java:[65,9] cannot find symbol
[ERROR]   symbol:   variable log
[ERROR]   location: class com.iotaccess.application.service.AccessServiceImpl
[ERROR] /C:/Users/doxxt/OneDrive/Desktop/V1/iot-access-system/src/main/java/com/iotaccess/application/service/AccessServiceImpl.java:[78,23] cannot find symbol
[ERROR]   symbol:   method setCsvFilePath(java.lang.String)
[ERROR]   location: variable currentSession of type com.iotaccess.domain.model.CaptureSession
[ERROR] /C:/Users/doxxt/OneDrive/Desktop/V1/iot-access-system/src/main/java/com/iotaccess/application/service/AccessServiceImpl.java:[80,9] cannot find symbol
[ERROR]   symbol:   variable log
[ERROR]   location: class com.iotaccess.application.service.AccessServiceImpl
[ERROR] /C:/Users/doxxt/OneDrive/Desktop/V1/iot-access-system/src/main/java/com/iotaccess/application/service/AccessServiceImpl.java:[85,54] cannot find symbol
[ERROR]   symbol:   method isActive()
[ERROR]   location: variable currentSession of type com.iotaccess.domain.model.CaptureSession
[ERROR] /C:/Users/doxxt/OneDrive/Desktop/V1/iot-access-system/src/main/java/com/iotaccess/application/service/AccessServiceImpl.java:[86,13] cannot find symbol
[ERROR]   symbol:   variable log
[ERROR]   location: class com.iotaccess.application.service.AccessServiceImpl
[ERROR] /C:/Users/doxxt/OneDrive/Desktop/V1/iot-access-system/src/main/java/com/iotaccess/application/service/AccessServiceImpl.java:[90,9] cannot find symbol
[ERROR]   symbol:   variable log
[ERROR]   location: class com.iotaccess.application.service.AccessServiceImpl
[ERROR] -> [Help 1]
[ERROR] 
[ERROR] To see the full stack trace of the errors, re-run Maven with the -e switch.
[ERROR] Re-run Maven using the -X switch to enable full debug logging.
[ERROR] 
[ERROR] For more information about the errors and possible solutions, please read the following articles:
[ERROR] [Help 1] http://cwiki.apache.org/confluence/display/MAVEN/MojoFailureException
